[backblue.gif]
[fade.gif]
[index.html]
[pagead2.googlesyndication.com/pagead/js/f.txt]
[cdn.ywxi.net/js/1.js]
[master--andrewstech.netlify.app/css/main.css]
[master--andrewstech.netlify.app/images/[Original size] AT.png]
[master--andrewstech.netlify.app/blog/index.html]
[master--andrewstech.netlify.app/about/index.html]
[master--andrewstech.netlify.app/contact/index.html]
[master--andrewstech.netlify.app/images/YOUTUBE.png]
[master--andrewstech.netlify.app/images/extra revision.png]
[master--andrewstech.netlify.app/images/mr maths.png]
[master--andrewstech.netlify.app/extra-revision/index.html]
[master--andrewstech.netlify.app/images/unnamed.jpg]
[master--andrewstech.netlify.app/images/home.jpg]
[master--andrewstech.netlify.app/blog/win11react/index.html]
[master--andrewstech.netlify.app/lorem-ipsum.e.delayed]
[master--andrewstech.netlify.app/images/unofficial skills logo (1).png]
[master--andrewstech.netlify.app/blog/changes-to-projects/index.html]
[master--andrewstech.netlify.app/images/1200px-Home_Assistant_Logo.svg.png]
[master--andrewstech.netlify.app/blog/home-assistant-advanced-install/index.html]
[master--andrewstech.netlify.app/js/init.js]
[master--andrewstech.netlify.app/js/page-load.js]
[master--andrewstech.netlify.app/index.html]
[master--andrewstech.netlify.app/css/main.css]
[master--andrewstech.netlify.app/blog/index.html]
[master--andrewstech.netlify.app/images/48176165.png]
[master--andrewstech.netlify.app/blog/ohh-the-zigbee/index.html]
[master--andrewstech.netlify.app/blog/new-website/index.html]
[master--andrewstech.netlify.app/images/pleasant-lettuce.jfif]
[master--andrewstech.netlify.app/images/17963343.png]
[master--andrewstech.netlify.app/images/unofficial skills logo.png]
[master--andrewstech.netlify.app/about/index.html]
[master--andrewstech.netlify.app/contact/index.html]
[master--andrewstech.netlify.app/images/diagonal-lines.svg]
[master--andrewstech.netlify.app/extra-revision/images/extra revision.18.delayed]
[master--andrewstech.netlify.app/extra-revision/index.html]
[master--andrewstech.netlify.app/blog/win11react/images/home.19.delayed]
[master--andrewstech.netlify.app/blog/win11react/index.html]
[master--andrewstech.netlify.app/lorem-ipsum.html]
[master--andrewstech.netlify.app/blog/changes-to-projects/index.html]
[master--andrewstech.netlify.app/blog/home-assistant-advanced-install/index.html]
[master--andrewstech.netlify.app/blog/ohh-the-zigbee/images/Capture.1a.delayed]
[master--andrewstech.netlify.app/blog/ohh-the-zigbee/index.html]
[master--andrewstech.netlify.app/blog/new-website/index.html]
[master--andrewstech.netlify.app/extra-revision/images/extra revision.html]
[master--andrewstech.netlify.app/blog/win11react/images/home.html]
[master--andrewstech.netlify.app/blog/ohh-the-zigbee/images/Capture.html]
[widget.stackbit.com/init.js]
